// Jest Snapshot v1, https://goo.gl/fbAQLP

exports[`array export of empty volume 1`] = `
[
  null,
  null,
]
`;

exports[`array export of voxels 1`] = `
[
  [
    [
      [
        0,
        1,
      ],
      [
        0,
        1,
      ],
    ],
    [
      [
        0,
        1,
      ],
      [
        0,
        1,
      ],
    ],
  ],
  null,
]
`;

exports[`array export of voxels and colors 1`] = `
[
  [
    [
      [
        0,
        1,
      ],
      [
        0,
        1,
      ],
    ],
    [
      [
        0,
        1,
      ],
      [
        0,
        1,
      ],
    ],
  ],
  [
    [
      [
        [
          0,
          1,
          2,
        ],
        [
          3,
          4,
          5,
        ],
      ],
      [
        [
          6,
          7,
          8,
        ],
        [
          9,
          10,
          11,
        ],
      ],
    ],
    [
      [
        [
          12,
          13,
          14,
        ],
        [
          15,
          16,
          17,
        ],
      ],
      [
        [
          18,
          19,
          20,
        ],
        [
          21,
          22,
          23,
        ],
      ],
    ],
  ],
]
`;
